// Vitest Snapshot v1, https://vitest.dev/guide/snapshot.html

exports[`DisplayLink > renders inside of model context 1`] = `
<DocumentFragment>
  <div>
    -
  </div>
</DocumentFragment>
`;

exports[`DisplayLink > should render with global override shorthand 1`] = `
<DocumentFragment>
  <div>
    Bar
  </div>
</DocumentFragment>
`;
