// Vitest Snapshot v1, https://vitest.dev/guide/snapshot.html

exports[`DisplayText > renders inside of model context 1`] = `
<DocumentFragment>
  <textarea
    aria-invalid="false"
    autocomplete="off"
    class="form-control"
    id="dummy"
    name="dummy"
    path="dummy"
    readonly=""
  >
    -
  </textarea>
</DocumentFragment>
`;

exports[`DisplayText > should render with global override shorthand 1`] = `
<DocumentFragment>
  <div>
    Bar
  </div>
</DocumentFragment>
`;
