// Vitest Snapshot v1, https://vitest.dev/guide/snapshot.html

exports[`DisplayImage > renders inside of model context 1`] = `
<DocumentFragment>
  <div>
    -
  </div>
</DocumentFragment>
`;

exports[`DisplayImage > should render the empty text when value is nullish 1`] = `
<DocumentFragment>
  <div>
    -
  </div>
</DocumentFragment>
`;

exports[`DisplayImage > should render the overridden empty text when value is nullish 1`] = `
<DocumentFragment>
  <div>
    baz
  </div>
</DocumentFragment>
`;

exports[`DisplayImage > should render with global override shorthand 1`] = `
<DocumentFragment>
  <div>
    Bar
  </div>
</DocumentFragment>
`;
