// Vitest Snapshot v1, https://vitest.dev/guide/snapshot.html

exports[`RhinoDevTool production > should return null 1`] = `<DocumentFragment />`;
