// Vitest Snapshot v1, https://vitest.dev/guide/snapshot.html

exports[`RhinoDevTool test > should return null 1`] = `<DocumentFragment />`;
