// Vitest Snapshot v1, https://vitest.dev/guide/snapshot.html

exports[`ModelDisplayGroup > should merge overrides 1`] = `
<DocumentFragment>
  <div
    class="mb-3"
    id="DisplayLayout-name"
    label="Name"
    path="name"
    placeholder="Name"
    required=""
  >
    <label
      class="required form-label"
      for="name"
      id="displayLabel-name"
      path="name"
      placeholder="Name"
      required=""
    >
      Name
    </label>
    <input
      aria-invalid="false"
      autocomplete="off"
      class="form-control"
      id="name"
      label="Name"
      name="name"
      path="name"
      placeholder="Name"
      readonly=""
      required=""
      type="text"
      value=""
    />
  </div>
</DocumentFragment>
`;

exports[`ModelDisplayGroup > should render with global override shorthand 1`] = `
<DocumentFragment>
  <div>
    Bar
  </div>
</DocumentFragment>
`;

exports[`ModelDisplayGroup > should render with global override shorthand for model 1`] = `
<DocumentFragment>
  <div>
    Bar
  </div>
</DocumentFragment>
`;

exports[`ModelDisplayGroup > should render without prop 1`] = `
<DocumentFragment>
  <div
    class="mb-3"
    id="DisplayLayout-name"
    label="Name"
    path="name"
    placeholder="Name"
    required=""
  >
    <label
      class="required form-label"
      for="name"
      id="displayLabel-name"
      path="name"
      placeholder="Name"
      required=""
    >
      Name
    </label>
    <input
      aria-invalid="false"
      autocomplete="off"
      class="form-control"
      id="name"
      label="Name"
      name="name"
      path="name"
      placeholder="Name"
      readonly=""
      required=""
      type="text"
      value=""
    />
  </div>
</DocumentFragment>
`;
