// Vitest Snapshot v1, https://vitest.dev/guide/snapshot.html

exports[`ModelCell > should render with global override shorthand 1`] = `
<DocumentFragment>
  <div>
    Bar
  </div>
</DocumentFragment>
`;

exports[`ModelCell > should render with global override shorthand for model 1`] = `
<DocumentFragment>
  <div>
    Bar
  </div>
</DocumentFragment>
`;
