// Jest Snapshot v1, https://goo.gl/fbAQLP

exports[`ModelFilter should render with global override shorthand 1`] = `
<DocumentFragment>
  <div>
    Bar
  </div>
</DocumentFragment>
`;

exports[`ModelFilter should render with global override shorthand for model 1`] = `
<DocumentFragment>
  <div>
    Bar
  </div>
</DocumentFragment>
`;
